// Jest Snapshot v1, https://goo.gl/fbAQLP

exports[`should render Button component correctly 1`] = `
<div
  className="button-container"
>
  <button />
</div>
`;
