// Jest Snapshot v1, https://goo.gl/fbAQLP

exports[`should render Counter component correctly 1`] = `
<p>
  Counter: 
</p>
`;
